\BOOKMARK [0][-]{section*.1}{Contents}{}% 1
\BOOKMARK [0][-]{chapter.1}{Sequences}{}% 2
\BOOKMARK [1][-]{section.1.1}{Basic definitions}{chapter.1}% 3
\BOOKMARK [1][-]{section.1.2}{Monotonic and bounded sequences}{chapter.1}% 4
\BOOKMARK [1][-]{section.1.3}{Convergence}{chapter.1}% 5
\BOOKMARK [1][-]{section.1.4}{L'H\364pital's rule}{chapter.1}% 6
\BOOKMARK [0][-]{chapter.2}{Series}{}% 7
\BOOKMARK [1][-]{section.2.1}{Basic definitions}{chapter.2}% 8
\BOOKMARK [1][-]{section.2.2}{Convergence}{chapter.2}% 9
\BOOKMARK [1][-]{section.2.3}{A short section on tails}{chapter.2}% 10
\BOOKMARK [1][-]{section.2.4}{Some series convergence properties}{chapter.2}% 11
\BOOKMARK [1][-]{section.2.5}{Convergence tests}{chapter.2}% 12
\BOOKMARK [1][-]{section.2.6}{Power series}{chapter.2}% 13
\BOOKMARK [0][-]{chapter.3}{Functions}{}% 14
\BOOKMARK [1][-]{section.3.1}{Real-valued functions}{chapter.3}% 15
\BOOKMARK [1][-]{section.3.2}{Composition and inverse}{chapter.3}% 16
\BOOKMARK [1][-]{section.3.3}{Rational functions and their partial fraction expansions}{chapter.3}% 17
\BOOKMARK [1][-]{section.3.4}{Infinite sets and cardinality}{chapter.3}% 18
\BOOKMARK [0][-]{chapter.4}{Continuity \046 differentiation}{}% 19
\BOOKMARK [1][-]{section.4.1}{Reference Books}{chapter.4}% 20
\BOOKMARK [1][-]{section.4.2}{Introduction}{chapter.4}% 21
\BOOKMARK [1][-]{section.4.3}{Limiting values of functions}{chapter.4}% 22
\BOOKMARK [1][-]{section.4.4}{Continuity}{chapter.4}% 23
\BOOKMARK [1][-]{section.4.5}{Differentiation}{chapter.4}% 24
\BOOKMARK [1][-]{section.4.6}{Properties of the derivative}{chapter.4}% 25
\BOOKMARK [1][-]{section.4.7}{Taylor series and Maclaurin series}{chapter.4}% 26
\BOOKMARK [1][-]{section.4.8}{Stationary points of functions}{chapter.4}% 27
\BOOKMARK [1][-]{section.4.9}{Curve Sketching}{chapter.4}% 28
\BOOKMARK [1][-]{section.4.10}{Kinematics}{chapter.4}% 29
\BOOKMARK [0][-]{section*.22}{Appendices}{}% 30
\BOOKMARK [0][-]{appendix.A}{A \(very\) brief look at number systems}{}% 31
